[0.01 0.02 0.03 0.04 0.05 0.06 0.07 0.08 0.09 0.1  0.11 0.13 0.14 0.16
 0.19 0.21 0.24 0.27 0.31 0.35 0.39 0.44 0.5  0.57 0.64 0.73 0.83 0.93
 1.06 1.19]
[0.01 0.02 0.03 0.04 0.05 0.06 0.07 0.08 0.09 0.1  0.11 0.13 0.14 0.16
 0.19 0.21 0.24 0.27 0.31 0.35 0.39 0.44 0.5  0.57 0.64 0.73 0.83 0.93
 1.06 1.19]
[0.01 0.02 0.03 0.04 0.05 0.06 0.07 0.08 0.09 0.1  0.11 0.13 0.14 0.16
 0.19 0.21 0.24 0.27 0.31 0.35 0.39 0.44 0.5  0.57 0.64 0.73 0.83 0.93
 1.06 1.19]
[0.01 0.02 0.03 0.04 0.05 0.06 0.07 0.08 0.09 0.1  0.11 0.13 0.14 0.16
 0.19 0.21 0.24 0.27 0.31 0.35 0.39 0.44 0.5  0.57 0.64 0.73 0.83 0.93
 1.06 1.19]
[0.01 0.02 0.03 0.04 0.05 0.06 0.07 0.08 0.09 0.1  0.11 0.13 0.14 0.16
 0.19 0.21 0.24 0.27 0.31 0.35 0.39 0.44 0.5  0.57 0.64 0.73 0.83 0.93
 1.06 1.19]
[0.01 0.02 0.03 0.04 0.05 0.06 0.07 0.08 0.09 0.1  0.11 0.13 0.14 0.16
 0.19 0.21 0.24 0.27 0.31 0.35 0.39 0.44 0.5  0.57 0.64 0.73 0.83 0.93
 1.06 1.19]
[0.01 0.02 0.03 0.04 0.05 0.06 0.07 0.08 0.09 0.1  0.11 0.13 0.14 0.16
 0.19 0.21 0.24 0.27 0.31 0.35 0.39 0.44 0.5  0.57 0.64 0.73 0.83 0.93
 1.06 1.19]
[0.01 0.02 0.03 0.04 0.05 0.06 0.07 0.08 0.09 0.1  0.11 0.13 0.14 0.16
 0.19 0.21 0.24 0.27 0.31 0.35 0.39 0.44 0.5  0.57 0.64 0.73 0.83 0.93
 1.06 1.19]
[0.01 0.02 0.03 0.04 0.05 0.06 0.07 0.08 0.09 0.1  0.11 0.13 0.14 0.16
 0.19 0.21 0.24 0.27 0.31 0.35 0.39 0.44 0.5  0.57 0.64 0.73 0.83 0.93
 1.06 1.19]
